<html>
<body>
<pre>
<h1>µVision Build Log</h1>
<h2>Tool Versions:</h2>
IDE-Version: ¦ÌVision V5.25.3.0
Copyright (C) 2018 ARM Ltd and ARM Germany GmbH. All rights reserved.
License Information: 1 Microsoft, Microsoft, LIC=S5ITG-V5G2Q-BXVUY-I5T0J-4HUEL-MI8C5
 
Tool Versions:
Toolchain:       MDK-ARM Professional  Version: 5.25.2.0
Toolchain Path:  D:\Keil_v5\ARM\ARMCC\Bin
C Compiler:      Armcc.exe V5.06 update 6 (build 750)
Assembler:       Armasm.exe V5.06 update 6 (build 750)
Linker/Locator:  ArmLink.exe V5.06 update 6 (build 750)
Library Manager: ArmAr.exe V5.06 update 6 (build 750)
Hex Converter:   FromElf.exe V5.06 update 6 (build 750)
CPU DLL:         SARMCM3.DLL V5.25.2.0
Dialog DLL:      DCM.DLL V1.17.1.0
Target DLL:      Segger\JL2CM3.dll V2.99.29.0
Dialog DLL:      TCM.DLL V1.35.1.0
 
<h2>Project:</h2>
F:\SIMBAT\Project\JK_BTSET.uvproj
Project File Date:  04/08/2019

<h2>Output:</h2>
*** Using Compiler 'V5.06 update 6 (build 750)', folder: 'D:\Keil_v5\ARM\ARMCC\Bin'
Build target 'JK_BTSET'
compiling menu.c...
..\Include\internalflash.h(55): warning:  #1-D: last line of file ends without a newline
  #endif
..\APP\menu.c(230): warning:  #1035-D: single-precision operand implicitly converted to double-precision
                        sprintf(buf,"%.3f",((float)pow_v/100.0));       
..\APP\menu.c(600): warning:  #223-D: function "Delay_ms" declared implicitly
          Delay_ms(500);
..\APP\menu.c(904): warning:  #177-D: variable "i"  was declared but never referenced
        u8 i;
..\APP\menu.c: 4 warnings, 0 errors
linking...
Program Size: Code=170040 RO-data=122288 RW-data=2288 ZI-data=34616  
FromELF: creating hex file...
"..\Output\JK_BTSET.axf" - 0 Error(s), 4 Warning(s).
Build Time Elapsed:  00:00:03
</pre>
</body>
</html>
